[www.coinomi.com/index.html]
[backblue.gif]
[fade.gif]
[index.html]
[www.coinomi.com/apple-touch-icon.png]
[www.coinomi.com/favicon-32x32.png]
[www.coinomi.com/favicon-16x16.png]
[www.coinomi.com/site.webmanifest]
[www.coinomi.com/safari-pinned-tab.svg]
[wchat.freshchat.com/js/widget.js]
[www.coinomi.com/css/styles172d.css]
[code.jquery.com/jquery-3.7.1.min.js]
[www.coinomi.com/js/plugins.min172d.js]
[www.coinomi.com/js/scripts.min172d.js]
[www.coinomi.com/img/phone-screenshot-2.png]
[www.coinomi.com/img/phone-screenshot-3.png]
[www.coinomi.com/img/phone-screenshot-4.png]
[www.coinomi.com/img/phone-screenshot-5.png]
[www.coinomi.com/img/desktop.png]
[www.coinomi.com/svg/coinomi-logo-color.svg]
[www.coinomi.com/svg/coinomi-mark-color.svg]
[www.coinomi.com/en/index.html]
[www.coinomi.com/svg/segwit.svg]
[www.coinomi.com/img/phone-screenshot-1.png]
[www.coinomi.com/svg/money.svg]
[www.coinomi.com/en/about/index.html]
[www.coinomi.com/en/buy/simplex/index.html]
[www.coinomi.com/en/downloads/index.html]
[www.coinomi.com/en/sell/onramper/index.html]
[www.coinomi.com/en/swap/index.html]
[www.coinomi.com/es/index.html]
[www.coinomi.com/svg/trust.svg]
[www.coinomi.com/ar/index.html]
[www.coinomi.com/zh/index.html]
[www.coinomi.com/index.html]
[www.coinomi.com/apple-touch-icon.html]
[www.coinomi.com/svg/globe.svg]
[www.coinomi.com/safari-pinned-tab.svg]
[www.coinomi.com/ru/index.html]
[www.coinomi.com/fr/index.html]
[kit.fontawesome.com/d190efec3e.html]
[www.coinomi.com/tr/index.html]
[www.coinomi.com/ja/index.html]
[www.coinomi.com/de/index.html]
[www.coinomi.com/uk/index.html]
[www.coinomi.com/img/header-background.jpg]
[www.coinomi.com/pl/index.html]
[www.coinomi.com/el/index.html]
[www.coinomi.com/svg/search.svg]
[www.coinomi.com/en/assets/index.html]
[www.coinomi.com/en/careers/index.html]
[www.coinomi.com/svg/x.svg]
[www.coinomi.com/en/contact/index.html]
[www.coinomi.com/en/terms/index.html]
[www.coinomi.com/en/privacy/index.html]
[www.coinomi.com/assets/index.html]
[www.coinomi.com/en/responsible-disclosure/index.html]
[www.coinomi.com/downloads/index.html]
[www.coinomi.com/svg/arrow-right.svg]
[www.coinomi.com/img/rocket.png]
[www.coinomi.com/css/styles172d.css]
[www.coinomi.com/svg/search-v2.svg]
[www.coinomi.com/en/index.html]
[www.coinomi.com/svg/coinomi-logo-color.svg]
[www.coinomi.com/en/about/index.html]
[www.coinomi.com/en/downloads/index.html]
[www.coinomi.com/careers/index.html]
[iframe.simplex-affiliates.com/form.js]
[www.coinomi.com/svg/simplex-logo.svg]
[www.coinomi.com/svg/visa-logo.svg]
[www.coinomi.com/en/buy/simplex/index.html]
[www.coinomi.com/en/sell/onramper/index.html]
[www.coinomi.com/en/swap/index.html]
[www.coinomi.com/svg/mastercard-logo.svg]
[www.coinomi.com/zh/index.html]
[www.coinomi.com/es/index.html]
[www.coinomi.com/zh/about/index.html]
[www.coinomi.com/zh/downloads/index.html]
[www.coinomi.com/zh/sell/onramper/index.html]
[www.coinomi.com/zh/buy/simplex/index.html]
[www.coinomi.com/zh/swap/index.html]
[www.coinomi.com/zh/assets/index.html]
[www.coinomi.com/ar/index.html]
[www.coinomi.com/zh/careers/index.html]
[www.coinomi.com/fr/index.html]
[www.coinomi.com/zh/contact/index.html]
[www.coinomi.com/zh/terms/index.html]
[www.coinomi.com/zh/responsible-disclosure/index.html]
[www.coinomi.com/zh/privacy/index.html]
[www.coinomi.com/es/about/index.html]
[www.coinomi.com/es/downloads/index.html]
[www.coinomi.com/ru/index.html]
[www.coinomi.com/de/index.html]
[www.coinomi.com/es/buy/simplex/index.html]
[www.coinomi.com/es/sell/onramper/index.html]
[www.coinomi.com/es/swap/index.html]
[www.coinomi.com/es/assets/index.html]
[www.coinomi.com/es/careers/index.html]
[www.coinomi.com/es/terms/index.html]
[www.coinomi.com/ja/index.html]
[www.coinomi.com/es/contact/index.html]
[www.coinomi.com/es/privacy/index.html]
[www.coinomi.com/ar/about/index.html]
[www.coinomi.com/es/responsible-disclosure/index.html]
[www.coinomi.com/tr/index.html]
[www.coinomi.com/ar/downloads/index.html]
[www.coinomi.com/uk/index.html]
[www.coinomi.com/ar/buy/simplex/index.html]
[www.coinomi.com/ar/sell/onramper/index.html]
[www.coinomi.com/ar/swap/index.html]
[www.coinomi.com/ar/assets/index.html]
[www.coinomi.com/ar/careers/index.html]
[www.coinomi.com/ar/contact/index.html]
[www.coinomi.com/pl/index.html]
[www.coinomi.com/ar/terms/index.html]
[www.coinomi.com/el/index.html]
[www.coinomi.com/fr/about/index.html]
[www.coinomi.com/ar/privacy/index.html]
[www.coinomi.com/ar/responsible-disclosure/index.html]
[www.coinomi.com/fr/downloads/index.html]
[www.coinomi.com/fr/sell/onramper/index.html]
[www.coinomi.com/fr/buy/simplex/index.html]
[www.coinomi.com/en/assets/index.html]
[www.coinomi.com/js/assets.min.js]
[www.coinomi.com/fr/assets/index.html]
[www.coinomi.com/fr/careers/index.html]
[www.coinomi.com/fr/swap/index.html]
[www.coinomi.com/fr/contact/index.html]
[www.coinomi.com/cdn-cgi/l/email-protection]
[www.coinomi.com/fr/terms/index.html]
[www.coinomi.com/en/careers/index.html]
[www.coinomi.com/en/contact/index.html]
[www.coinomi.com/cdn-cgi/scripts/5c5dd728/cloudflare-static/email-decode.min.js]
[www.coinomi.com/en/terms/index.html]
[www.coinomi.com/fr/privacy/index.html]
[www.coinomi.com/fr/responsible-disclosure/index.html]
[www.coinomi.com/ru/about/index.html]
[www.coinomi.com/ru/downloads/index.html]
[www.coinomi.com/ru/buy/simplex/index.html]
[www.coinomi.com/ru/sell/onramper/index.html]
[www.coinomi.com/en/privacy/dpo@coinomi.com]
[www.coinomi.com/en/privacy/index.html]
[www.coinomi.com/ru/swap/index.html]
[www.coinomi.com/ru/careers/index.html]
[www.coinomi.com/ru/assets/index.html]
[www.coinomi.com/responsible-disclosure/602e1a937181d9bd2218a80f08babfaba56abdb4.asc]
[www.coinomi.com/en/responsible-disclosure/index.html]
[www.coinomi.com/ru/terms/index.html]
[www.coinomi.com/ru/privacy/index.html]
[www.coinomi.com/svg/coinomi-mark-color.svg]
[www.coinomi.com/ru/contact/index.html]
[www.coinomi.com/ru/responsible-disclosure/index.html]
[www.coinomi.com/assets/index.html]
[www.coinomi.com/de/about/index.html]
[www.coinomi.com/de/downloads/index.html]
[www.coinomi.com/svg/segwit.svg]
[www.coinomi.com/de/buy/simplex/index.html]
[www.coinomi.com/de/sell/onramper/index.html]
[www.coinomi.com/svg/money.svg]
[www.coinomi.com/de/swap/index.html]
[www.coinomi.com/de/assets/index.html]
[www.coinomi.com/svg/trust.svg]
[www.coinomi.com/de/careers/index.html]
[www.coinomi.com/de/contact/index.html]
[www.coinomi.com/svg/globe.svg]
[www.coinomi.com/de/terms/index.html]
[www.coinomi.com/de/privacy/index.html]
[www.coinomi.com/downloads/index.html]
[www.coinomi.com/de/responsible-disclosure/index.html]
[www.coinomi.com/ja/about/index.html]
[www.coinomi.com/svg/search.svg]
[www.coinomi.com/ja/downloads/index.html]
[www.coinomi.com/ja/buy/simplex/index.html]
[www.coinomi.com/ja/sell/onramper/index.html]
[www.coinomi.com/svg/x.svg]
[www.coinomi.com/ja/swap/index.html]
[www.coinomi.com/ja/assets/index.html]
[www.coinomi.com/svg/arrow-right.svg]
[www.coinomi.com/ja/careers/index.html]
[www.coinomi.com/svg/search-v2.svg]
[www.coinomi.com/ja/contact/index.html]
[www.coinomi.com/ja/terms/index.html]
[www.coinomi.com/careers/index.html]
[www.coinomi.com/ja/privacy/index.html]
[www.coinomi.com/ja/responsible-disclosure/index.html]
[www.coinomi.com/tr/about/index.html]
[www.coinomi.com/svg/simplex-logo.svg]
[www.coinomi.com/tr/buy/simplex/index.html]
[www.coinomi.com/tr/downloads/index.html]
[www.coinomi.com/svg/visa-logo.svg]
[www.coinomi.com/tr/sell/onramper/index.html]
[www.coinomi.com/tr/swap/index.html]
[www.coinomi.com/svg/mastercard-logo.svg]
[www.coinomi.com/tr/careers/index.html]
[www.coinomi.com/tr/assets/index.html]
[www.coinomi.com/zh/about/index.html]
[www.coinomi.com/tr/contact/index.html]
[www.coinomi.com/tr/terms/index.html]
[www.coinomi.com/zh/downloads/index.html]
[www.coinomi.com/tr/privacy/index.html]
[www.coinomi.com/tr/responsible-disclosure/index.html]
[www.coinomi.com/uk/about/index.html]
[www.coinomi.com/uk/downloads/index.html]
[www.coinomi.com/uk/buy/simplex/index.html]
[www.coinomi.com/uk/sell/onramper/index.html]
[www.coinomi.com/zh/buy/simplex/index.html]
[www.coinomi.com/zh/sell/onramper/index.html]
[www.coinomi.com/uk/assets/index.html]
[www.coinomi.com/uk/careers/index.html]
[www.coinomi.com/uk/swap/index.html]
[www.coinomi.com/zh/swap/index.html]
[www.coinomi.com/uk/contact/index.html]
[www.coinomi.com/uk/privacy/index.html]
[www.coinomi.com/uk/terms/index.html]
[www.coinomi.com/zh/assets/index.html]
[www.coinomi.com/uk/responsible-disclosure/index.html]
[www.coinomi.com/pl/about/index.html]
[www.coinomi.com/zh/careers/index.html]
[www.coinomi.com/pl/buy/simplex/index.html]
[www.coinomi.com/zh/contact/index.html]
[www.coinomi.com/pl/downloads/index.html]
[www.coinomi.com/pl/sell/onramper/index.html]
[www.coinomi.com/zh/terms/index.html]
[www.coinomi.com/pl/swap/index.html]
[www.coinomi.com/pl/assets/index.html]
[www.coinomi.com/pl/careers/index.html]
[www.coinomi.com/pl/terms/index.html]
[www.coinomi.com/pl/privacy/index.html]
[www.coinomi.com/pl/responsible-disclosure/index.html]
[www.coinomi.com/zh/privacy/dpo@coinomi.com]
[www.coinomi.com/zh/privacy/index.html]
[www.coinomi.com/zh/responsible-disclosure/index.html]
[www.coinomi.com/pl/contact/index.html]
[www.coinomi.com/el/downloads/index.html]
[www.coinomi.com/el/buy/simplex/index.html]
[www.coinomi.com/es/about/index.html]
[www.coinomi.com/el/about/index.html]
[www.coinomi.com/es/downloads/index.html]
[www.coinomi.com/el/swap/index.html]
[www.coinomi.com/el/sell/onramper/index.html]
[www.coinomi.com/el/assets/index.html]
[www.coinomi.com/el/careers/index.html]
[www.coinomi.com/el/contact/index.html]
[www.coinomi.com/es/buy/simplex/index.html]
[www.coinomi.com/es/sell/onramper/index.html]
[www.coinomi.com/es/swap/index.html]
[www.coinomi.com/es/assets/index.html]
[www.coinomi.com/es/careers/index.html]
[www.coinomi.com/es/contact/index.html]
[www.coinomi.com/es/terms/index.html]
[www.coinomi.com/el/terms/index.html]
[www.coinomi.com/el/privacy/index.html]
[www.coinomi.com/el/responsible-disclosure/index.html]
[www.coinomi.com/es/privacy/dpo@coinomi.com]
[www.coinomi.com/es/privacy/index.html]
[www.coinomi.com/es/responsible-disclosure/index.html]
[www.coinomi.com/ar/about/index.html]
[www.coinomi.com/ar/downloads/index.html]
[www.coinomi.com/ar/buy/simplex/index.html]
[www.coinomi.com/ar/sell/onramper/index.html]
[www.coinomi.com/ar/swap/index.html]
[www.coinomi.com/ar/assets/index.html]
[www.coinomi.com/ar/careers/index.html]
[www.coinomi.com/ar/contact/index.html]
[www.coinomi.com/ar/terms/index.html]
[www.coinomi.com/ar/privacy/dpo@coinomi.com]
[www.coinomi.com/ar/privacy/index.html]
[www.coinomi.com/ar/responsible-disclosure/index.html]
[www.coinomi.com/fr/about/index.html]
[www.coinomi.com/fr/downloads/index.html]
[www.coinomi.com/fr/buy/simplex/index.html]
[www.coinomi.com/fr/sell/onramper/index.html]
[www.coinomi.com/fr/swap/index.html]
[www.coinomi.com/fr/assets/index.html]
[www.coinomi.com/fr/careers/index.html]
[www.coinomi.com/fr/contact/index.html]
[www.coinomi.com/fr/terms/index.html]
[www.coinomi.com/fr/privacy/dpo@coinomi.com]
[www.coinomi.com/fr/privacy/index.html]
[www.coinomi.com/fr/responsible-disclosure/index.html]
[www.coinomi.com/ru/about/index.html]
[www.coinomi.com/ru/downloads/index.html]
[www.coinomi.com/ru/buy/simplex/index.html]
[www.coinomi.com/ru/sell/onramper/index.html]
[www.coinomi.com/ru/swap/index.html]
[www.coinomi.com/ru/assets/index.html]
[www.coinomi.com/ru/careers/index.html]
[www.coinomi.com/ru/contact/index.html]
[www.coinomi.com/ru/terms/index.html]
[www.coinomi.com/ru/privacy/dpo@coinomi.com]
[www.coinomi.com/ru/privacy/index.html]
[www.coinomi.com/ru/responsible-disclosure/index.html]
[www.coinomi.com/de/about/index.html]
[www.coinomi.com/de/downloads/index.html]
[www.coinomi.com/de/buy/simplex/index.html]
[www.coinomi.com/de/sell/onramper/index.html]
[www.coinomi.com/de/swap/index.html]
[www.coinomi.com/de/assets/index.html]
[www.coinomi.com/de/careers/index.html]
[www.coinomi.com/de/contact/index.html]
[www.coinomi.com/de/terms/index.html]
[www.coinomi.com/de/privacy/dpo@coinomi.com]
[www.coinomi.com/de/privacy/index.html]
[www.coinomi.com/de/responsible-disclosure/index.html]
[www.coinomi.com/ja/about/index.html]
[www.coinomi.com/ja/downloads/index.html]
[www.coinomi.com/ja/buy/simplex/index.html]
[www.coinomi.com/ja/sell/onramper/index.html]
[www.coinomi.com/ja/swap/index.html]
[www.coinomi.com/ja/assets/index.html]
[www.coinomi.com/ja/careers/index.html]
[www.coinomi.com/ja/contact/index.html]
[www.coinomi.com/ja/terms/index.html]
[www.coinomi.com/ja/privacy/dpo@coinomi.com]
[www.coinomi.com/ja/privacy/index.html]
[www.coinomi.com/ja/responsible-disclosure/index.html]
[www.coinomi.com/tr/about/index.html]
[www.coinomi.com/tr/downloads/index.html]
[www.coinomi.com/tr/buy/simplex/index.html]
[www.coinomi.com/tr/sell/onramper/index.html]
[www.coinomi.com/tr/swap/index.html]
[www.coinomi.com/tr/assets/index.html]
[www.coinomi.com/tr/careers/index.html]
[www.coinomi.com/tr/contact/index.html]
[www.coinomi.com/tr/terms/index.html]
[www.coinomi.com/tr/privacy/dpo@coinomi.com]
[www.coinomi.com/tr/privacy/index.html]
[www.coinomi.com/tr/responsible-disclosure/index.html]
[www.coinomi.com/uk/about/index.html]
[www.coinomi.com/uk/downloads/index.html]
[www.coinomi.com/uk/buy/simplex/index.html]
[www.coinomi.com/uk/sell/onramper/index.html]
[www.coinomi.com/uk/swap/index.html]
[www.coinomi.com/uk/assets/index.html]
[www.coinomi.com/uk/careers/index.html]
[www.coinomi.com/uk/contact/index.html]
[www.coinomi.com/uk/terms/index.html]
[www.coinomi.com/uk/privacy/dpo@coinomi.com]
[www.coinomi.com/uk/privacy/index.html]
[www.coinomi.com/uk/responsible-disclosure/index.html]
[www.coinomi.com/pl/about/index.html]
[www.coinomi.com/pl/downloads/index.html]
[www.coinomi.com/pl/buy/simplex/index.html]
[www.coinomi.com/pl/sell/onramper/index.html]
[www.coinomi.com/pl/swap/index.html]
[www.coinomi.com/pl/assets/index.html]
[www.coinomi.com/pl/careers/index.html]
[www.coinomi.com/pl/contact/index.html]
[www.coinomi.com/pl/terms/index.html]
[www.coinomi.com/pl/privacy/dpo@coinomi.com]
[www.coinomi.com/pl/privacy/index.html]
[www.coinomi.com/pl/responsible-disclosure/index.html]
[www.coinomi.com/el/about/index.html]
[www.coinomi.com/el/downloads/index.html]
[www.coinomi.com/el/buy/simplex/index.html]
[www.coinomi.com/el/sell/onramper/index.html]
[www.coinomi.com/el/swap/index.html]
[www.coinomi.com/el/assets/index.html]
[www.coinomi.com/el/careers/index.html]
[www.coinomi.com/el/contact/index.html]
[www.coinomi.com/el/terms/index.html]
[www.coinomi.com/el/privacy/dpo@coinomi.com]
[www.coinomi.com/el/privacy/index.html]
[www.coinomi.com/el/responsible-disclosure/index.html]
[www.coinomi.com/cdn-cgi/l/email-protection.html]
[www.coinomi.com/en/privacy/dpo@coinomi.html]
[www.coinomi.com/zh/privacy/dpo@coinomi.html]
[www.coinomi.com/es/privacy/dpo@coinomi.html]
[www.coinomi.com/ar/privacy/dpo@coinomi.html]
[www.coinomi.com/fr/privacy/dpo@coinomi.html]
[www.coinomi.com/ru/privacy/dpo@coinomi.html]
[www.coinomi.com/de/privacy/dpo@coinomi.html]
[www.coinomi.com/ja/privacy/dpo@coinomi.html]
[www.coinomi.com/tr/privacy/dpo@coinomi.html]
[www.coinomi.com/uk/privacy/dpo@coinomi.html]
[www.coinomi.com/pl/privacy/dpo@coinomi.html]
[www.coinomi.com/el/privacy/dpo@coinomi.html]
